Starting a Gradle Daemon, 1 busy and 1 incompatible Daemons could not be reused, use --status for details
> Task :compileJava UP-TO-DATE
> Task :processResources UP-TO-DATE
> Task :classes UP-TO-DATE
> Task :resolveMainClassName UP-TO-DATE

> Task :bootRun

  .   ____          _            __ _ _
 /\\ / ___'_ __ _ _(_)_ __  __ _ \ \ \ \
( ( )\___ | '_ | '_| | '_ \/ _` | \ \ \ \
 \\/  ___)| |_)| | | | | || (_| |  ) ) ) )
  '  |____| .__|_| |_|_| |_\__, | / / / /
 =========|_|==============|___/=/_/_/_/

 :: Spring Boot ::                (v4.0.5)

2026-04-03T22:19:34.656-03:00  INFO 77446 --- [seguridad-barrial] [           main] g.j.s.SeguridadBarrialApplication        : Starting SeguridadBarrialApplication using Java 21.0.10 with PID 77446 (/home/bernardo/git/personal/seguridad-barrial/build/classes/java/main started by bernardo in /home/bernardo/git/personal/seguridad-barrial)
2026-04-03T22:19:34.659-03:00  INFO 77446 --- [seguridad-barrial] [           main] g.j.s.SeguridadBarrialApplication        : No active profile set, falling back to 1 default profile: "default"
2026-04-03T22:19:35.592-03:00  INFO 77446 --- [seguridad-barrial] [           main] .s.d.r.c.RepositoryConfigurationDelegate : Bootstrapping Spring Data JPA repositories in DEFAULT mode.
2026-04-03T22:19:35.653-03:00  INFO 77446 --- [seguridad-barrial] [           main] .s.d.r.c.RepositoryConfigurationDelegate : Finished Spring Data repository scanning in 54 ms. Found 3 JPA repository interfaces.
2026-04-03T22:19:36.118-03:00  INFO 77446 --- [seguridad-barrial] [           main] o.s.boot.tomcat.TomcatWebServer          : Tomcat initialized with port 8080 (http)
2026-04-03T22:19:36.127-03:00  INFO 77446 --- [seguridad-barrial] [           main] o.apache.catalina.core.StandardService   : Starting service [Tomcat]
2026-04-03T22:19:36.128-03:00  INFO 77446 --- [seguridad-barrial] [           main] o.apache.catalina.core.StandardEngine    : Starting Servlet engine: [Apache Tomcat/11.0.20]
2026-04-03T22:19:36.165-03:00  INFO 77446 --- [seguridad-barrial] [           main] b.w.c.s.WebApplicationContextInitializer : Root WebApplicationContext: initialization completed in 1443 ms
2026-04-03T22:19:36.367-03:00  INFO 77446 --- [seguridad-barrial] [           main] com.zaxxer.hikari.HikariDataSource       : HikariPool-1 - Starting...
2026-04-03T22:19:36.511-03:00  INFO 77446 --- [seguridad-barrial] [           main] com.zaxxer.hikari.pool.HikariPool        : HikariPool-1 - Added connection org.postgresql.jdbc.PgConnection@973c8760
2026-04-03T22:19:36.511-03:00  INFO 77446 --- [seguridad-barrial] [           main] com.zaxxer.hikari.HikariDataSource       : HikariPool-1 - Start completed.
2026-04-03T22:19:36.533-03:00  INFO 77446 --- [seguridad-barrial] [           main] org.flywaydb.core.FlywayExecutor         : Database: jdbc:postgresql://localhost:5432/seguridad_barrial (PostgreSQL 16.13)
2026-04-03T22:19:36.585-03:00  INFO 77446 --- [seguridad-barrial] [           main] o.f.core.internal.command.DbValidate     : Successfully validated 4 migrations (execution time 00:00.028s)
2026-04-03T22:19:36.613-03:00  INFO 77446 --- [seguridad-barrial] [           main] o.f.core.internal.command.DbMigrate      : Current version of schema "public": 4
2026-04-03T22:19:36.616-03:00  INFO 77446 --- [seguridad-barrial] [           main] o.f.core.internal.command.DbMigrate      : Schema "public" is up to date. No migration necessary.
2026-04-03T22:19:36.692-03:00  INFO 77446 --- [seguridad-barrial] [           main] org.hibernate.orm.jpa                    : HHH008540: Processing PersistenceUnitInfo [name: default]
2026-04-03T22:19:36.740-03:00  INFO 77446 --- [seguridad-barrial] [           main] org.hibernate.orm.core                   : HHH000001: Hibernate ORM core version 7.2.7.Final
2026-04-03T22:19:37.138-03:00  INFO 77446 --- [seguridad-barrial] [           main] o.s.o.j.p.SpringPersistenceUnitInfo      : No LoadTimeWeaver setup: ignoring JPA class transformer
2026-04-03T22:19:37.204-03:00  WARN 77446 --- [seguridad-barrial] [           main] org.hibernate.orm.deprecation            : HHH90000025: PostgreSQLDialect does not need to be specified explicitly using 'hibernate.dialect' (remove the property setting and it will be selected by default)
2026-04-03T22:19:37.219-03:00  INFO 77446 --- [seguridad-barrial] [           main] org.hibernate.orm.connections.pooling    : HHH10001005: Database info:
	Database JDBC URL [jdbc:postgresql://localhost:5432/seguridad_barrial]
	Database driver: PostgreSQL JDBC Driver
	Database dialect: PostgreSQLDialect
	Database version: 16.13
	Default catalog/schema: seguridad_barrial/public
	Autocommit mode: undefined/unknown
	Isolation level: READ_COMMITTED [default READ_COMMITTED]
	JDBC fetch size: none
	Pool: DataSourceConnectionProvider
	Minimum pool size: undefined/unknown
	Maximum pool size: undefined/unknown
2026-04-03T22:19:37.935-03:00  INFO 77446 --- [seguridad-barrial] [           main] org.hibernate.orm.core                   : HHH000489: No JTA platform available (set 'hibernate.transaction.jta.platform' to enable JTA platform integration)
2026-04-03T22:19:37.941-03:00  INFO 77446 --- [seguridad-barrial] [           main] j.LocalContainerEntityManagerFactoryBean : Initialized JPA EntityManagerFactory for persistence unit 'default'
2026-04-03T22:19:38.022-03:00  INFO 77446 --- [seguridad-barrial] [           main] o.s.d.j.r.query.QueryEnhancerFactories   : Hibernate is in classpath; If applicable, HQL parser will be used.
2026-04-03T22:19:38.377-03:00  WARN 77446 --- [seguridad-barrial] [           main] JpaBaseConfiguration$JpaWebConfiguration : spring.jpa.open-in-view is enabled by default. Therefore, database queries may be performed during view rendering. Explicitly configure spring.jpa.open-in-view to disable this warning
2026-04-03T22:19:38.839-03:00  INFO 77446 --- [seguridad-barrial] [           main] o.s.boot.tomcat.TomcatWebServer          : Tomcat started on port 8080 (http) with context path '/'
2026-04-03T22:19:38.867-03:00  INFO 77446 --- [seguridad-barrial] [           main] g.j.s.SeguridadBarrialApplication        : Started SeguridadBarrialApplication in 4.783 seconds (process running for 5.239)
2026-04-03T22:19:40.628-03:00  INFO 77446 --- [seguridad-barrial] [nio-8080-exec-1] o.a.c.c.C.[Tomcat].[localhost].[/]       : Initializing Spring DispatcherServlet 'dispatcherServlet'
2026-04-03T22:19:40.628-03:00  INFO 77446 --- [seguridad-barrial] [nio-8080-exec-1] o.s.web.servlet.DispatcherServlet        : Initializing Servlet 'dispatcherServlet'
2026-04-03T22:19:40.629-03:00  INFO 77446 --- [seguridad-barrial] [nio-8080-exec-1] o.s.web.servlet.DispatcherServlet        : Completed initialization in 1 ms
2026-04-03T22:19:40.659-03:00  INFO 77446 --- [seguridad-barrial] [nio-8080-exec-1] g.j.s.i.i.EventosSeguridadGetAdapter     : Nueva suscripcion SSE para eventos de seguridad
